// Jest Snapshot v1, https://goo.gl/fbAQLP

exports[`Storyshots Task archived 1`] = `<!---->`;

exports[`Storyshots Task default 1`] = `<!---->`;

exports[`Storyshots Task pinned 1`] = `<!---->`;
